// Jest Snapshot v1, https://goo.gl/fbAQLP

exports[`Displays the regions Region snapshot 1`] = `
<div
  className="regions"
>
  <div
    className="regionItem active"
    onClick={[Function]}
  >
    All
  </div>
  <div
    className="regionItem"
    onClick={[Function]}
  >
    The North
  </div>
  <div
    className="regionItem"
    onClick={[Function]}
  >
    Dorne
  </div>
  <div
    className="regionItem"
    onClick={[Function]}
  >
    North of The Wall
  </div>
</div>
`;
